[backblue.gif]
[fade.gif]
[index.html]
[i.imgur.com/9fnRCHd.png]
[pierre.verpeaux.free.fr/premier2.jpg]
[pierre.verpeaux.free.fr/second.jpg]
[pierre.verpeaux.free.fr/c58co2.jpg]
[pierre.verpeaux.free.fr/pparis.jpg]
[pierre.verpeaux.free.fr/chapcrois2.jpg]
[pierre.verpeaux.free.fr/pcaddy.jpg]
[pierre.verpeaux.free.fr/app0023.jpg]
[pierre.verpeaux.free.fr/crois3.jpg]
[pierre.verpeaux.free.fr/rcrois1.jpg]
[pierre.verpeaux.free.fr/parisa.jpg]
[pierre.verpeaux.free.fr/dandy2.jpg]
[pierre.verpeaux.free.fr/cab1.jpg]
[pierre.verpeaux.free.fr/arman.jpg]
[pierre.verpeaux.free.fr/concorde1.jpg]
[pierre.verpeaux.free.fr/caddy1.jpg]
[pierre.verpeaux.free.fr/leman1.jpg]
[pierre.verpeaux.free.fr/smcv1.jpg]
[nagi.ml/index.html]
[nagi.ml/static/styles-index.css]
[i.imgur.com/qVaNnID.png]
[code.jquery.com/jquery-3.6.0.js]
[pierre.verpeaux.free.fr/58av1.jpg]
[pierre.verpeaux.free.fr/ds1.jpg]
[pierre.verpeaux.free.fr/ds2.jpg]
[pierre.verpeaux.free.fr/ds3.jpg]
[pierre.verpeaux.free.fr/ds4.jpg]
[pierre.verpeaux.free.fr/c58ar1.jpg]
[pierre.verpeaux.free.fr/c58av2.jpg]
[pierre.verpeaux.free.fr/c58co1.jpg]
[pierre.verpeaux.free.fr/c58pv1.jpg]
[pierre.verpeaux.free.fr/caddyht.jpg]
[pierre.verpeaux.free.fr/FR1.jpg]
[pierre.verpeaux.free.fr/frcrois1a.jpg]
[pierre.verpeaux.free.fr/frcrois2a.jpg]
[pierre.verpeaux.free.fr/crois1.jpg]
[pierre.verpeaux.free.fr/crois2.jpg]
[pierre.verpeaux.free.fr/crois4.jpg]
[pierre.verpeaux.free.fr/crois5.jpg]
[pierre.verpeaux.free.fr/pvcroisette.jpg]
[pierre.verpeaux.free.fr/rcrois2.jpg]
[pierre.verpeaux.free.fr/rcrois3.jpg]
[pierre.verpeaux.free.fr/rcrois4.jpg]
[pierre.verpeaux.free.fr/paris1.jpg]
[pierre.verpeaux.free.fr/paris2.jpg]
[pierre.verpeaux.free.fr/parisb.jpg]
[pierre.verpeaux.free.fr/parisc.jpg]
[pierre.verpeaux.free.fr/parisd.jpg]
[pierre.verpeaux.free.fr/rep000.jpg]
[pierre.verpeaux.free.fr/rep00.jpg]
[pierre.verpeaux.free.fr/rep0.jpg]
[pierre.verpeaux.free.fr/dandyfact.jpg]
[pierre.verpeaux.free.fr/pvmines1.jpg]
[pierre.verpeaux.free.fr/pvmines2.jpg]
[pierre.verpeaux.free.fr/cab2.jpg]
[pierre.verpeaux.free.fr/cabds1s.jpg]
[pierre.verpeaux.free.fr/lecadd_1.jpg]
[pierre.verpeaux.free.fr/03100015.jpg]
[pierre.verpeaux.free.fr/Jaeger.jpg]
[pierre.verpeaux.free.fr/sm1.jpg]
[pierre.verpeaux.free.fr/sm2.jpg]
[pierre.verpeaux.free.fr/smav1.jpg]
[pierre.verpeaux.free.fr/smco1.jpg]
[pierre.verpeaux.free.fr/mylordopera.jpg]
[pierre.verpeaux.free.fr/chapron002.jpg]
[pierre.verpeaux.free.fr/chapron001.jpg]
[pierre.verpeaux.free.fr/rep1.jpg]
[pierre.verpeaux.free.fr/rep2.jpg]
[pierre.verpeaux.free.fr/rep3.jpg]
[pierre.verpeaux.free.fr/rep4.jpg]
[pierre.verpeaux.free.fr/rep5.jpg]
[pierre.verpeaux.free.fr/rep6.jpg]
[pierre.verpeaux.free.fr/rep7.jpg]
[pierre.verpeaux.free.fr/rep8.jpg]
[pierre.verpeaux.free.fr/rep9.jpg]
[pierre.verpeaux.free.fr/PARIS_001.jpg]
[pierre.verpeaux.free.fr/PARIS_029.jpg]
[pierre.verpeaux.free.fr/back0109.jpg]
[pierre.verpeaux.free.fr/back0032.jpg]
[nagi.ml/photos.html]
[i.imgur.com/KbtwxcB.png]
[pierre.verpeaux.free.fr/pb1.jpg]
[i.imgur.com/MlirVaP.png]
[pierre.verpeaux.free.fr/culs_chapron/berline56.jpg]
[pierre.verpeaux.free.fr/culs_chapron/berline73.jpg]
[pierre.verpeaux.free.fr/culs_chapron/berlines.jpg]
[pierre.verpeaux.free.fr/culs_chapron/cab58.jpg]
[pierre.verpeaux.free.fr/culs_chapron/cab58mod.jpg]
[pierre.verpeaux.free.fr/culs_chapron/paris60a.jpg]
[pierre.verpeaux.free.fr/culs_chapron/paris60.jpg]
[pierre.verpeaux.free.fr/culs_chapron/croisette.jpg]
[pierre.verpeaux.free.fr/culs_chapron/caddy62.jpg]
[pierre.verpeaux.free.fr/culs_chapron/concorde63.jpg]
[pierre.verpeaux.free.fr/culs_chapron/cab61.jpg]
[pierre.verpeaux.free.fr/culs_chapron/pb62.jpg]
[pierre.verpeaux.free.fr/culs_chapron/dandy63.jpg]
[pierre.verpeaux.free.fr/culs_chapron/caddy67.jpg]
[pierre.verpeaux.free.fr/culs_chapron/leman72.jpg]
[nagi.ml/documents.html]
[i.imgur.com/xMQuZOy.png]
[pierre.verpeaux.free.fr/Caddy/wcaddy1.jpg]
[pierre.verpeaux.free.fr/Caddy/wcaddy2.jpg]
[pierre.verpeaux.free.fr/Caddy/wcaddy3.jpg]
[pierre.verpeaux.free.fr/Caddy/wcaddy4.jpg]
[pierre.verpeaux.free.fr/Caddy/wcaddy5.jpg]
[pierre.verpeaux.free.fr/Caddy/wcaddy6.jpg]
[pierre.verpeaux.free.fr/Caddy/wcaddy7.jpg]
[pierre.verpeaux.free.fr/Caddy/caddy8.jpg]
[pierre.verpeaux.free.fr/Caddy/caddy9.jpg]
[pierre.verpeaux.free.fr/Caddy/wcaddy8.jpg]
[pierre.verpeaux.free.fr/Caddy/wcaddy9.jpg]
[pierre.verpeaux.free.fr/Caddy/wcaddy10.jpg]
[pierre.verpeaux.free.fr/Caddy/wcaddy11.jpg]
[pierre.verpeaux.free.fr/Caddy/wcaddy12.jpg]
[pierre.verpeaux.free.fr/Caddy/wcaddy13.jpg]
[pierre.verpeaux.free.fr/Caddy/wcaddy14.jpg]
[pierre.verpeaux.free.fr/Caddy/wcaddy15.jpg]
[pierre.verpeaux.free.fr/Caddy/wcaddy16.jpg]
[pierre.verpeaux.free.fr/Caddy/wcaddy17.jpg]
[pierre.verpeaux.free.fr/Caddy/wcaddy18.jpg]
[pierre.verpeaux.free.fr/Caddy/wcaddy19.jpg]
[pierre.verpeaux.free.fr/Caddy/wcaddy20.jpg]
[pierre.verpeaux.free.fr/Caddy/wcaddy21.jpg]
[pierre.verpeaux.free.fr/Caddy/wcaddy22.jpg]
[pierre.verpeaux.free.fr/Caddy/wcaddy23.jpg]
[pierre.verpeaux.free.fr/Caddy/wcaddy24.jpg]
[pierre.verpeaux.free.fr/Caddy/wcaddy25.jpg]
[pierre.verpeaux.free.fr/Caddy/wcaddy26.jpg]
[pierre.verpeaux.free.fr/Caddy/wcaddy27.jpg]
[pierre.verpeaux.free.fr/Caddy/wcaddy28.jpg]
[pierre.verpeaux.free.fr/Caddy/wcaddy29.jpg]
[pierre.verpeaux.free.fr/Caddy/wcaddy30.jpg]
[pierre.verpeaux.free.fr/Caddy/wcaddy31.jpg]
[pierre.verpeaux.free.fr/Caddy/wcaddy32.jpg]
[pierre.verpeaux.free.fr/Caddy/wcaddy38.jpg]
[pierre.verpeaux.free.fr/Caddy/wcaddy33.jpg]
[pierre.verpeaux.free.fr/Caddy/wcaddy34.jpg]
[pierre.verpeaux.free.fr/Caddy/wcaddy36.jpg]
[pierre.verpeaux.free.fr/Caddy/wcaddy37.jpg]
[pierre.verpeaux.free.fr/Caddy/wcaddy40.jpg]
[pierre.verpeaux.free.fr/Caddy/wcaddy41.jpg]
[pierre.verpeaux.free.fr/Caddy/wcaddy42.jpg]
[pierre.verpeaux.free.fr/Caddy/wcaddy43.jpg]
[pierre.verpeaux.free.fr/Caddy/wcaddy44.jpg]
[pierre.verpeaux.free.fr/Caddy/scaddy1.jpg]
[pierre.verpeaux.free.fr/Caddy/scaddy2.jpg]
[pierre.verpeaux.free.fr/Caddy/scaddy3.jpg]
[pierre.verpeaux.free.fr/Caddy/scaddy4.jpg]
[pierre.verpeaux.free.fr/Caddy/scaddy5.jpg]
[pierre.verpeaux.free.fr/Caddy/scaddy6.jpg]
[pierre.verpeaux.free.fr/Caddy/scaddy7.jpg]
[pierre.verpeaux.free.fr/Caddy/scaddy8.jpg]
[pierre.verpeaux.free.fr/Caddy/scaddy9.jpg]
[pierre.verpeaux.free.fr/Caddy/scaddy10.jpg]
[pierre.verpeaux.free.fr/Caddy/scaddy11.jpg]
[pierre.verpeaux.free.fr/Caddy/scaddy12.jpg]
[pierre.verpeaux.free.fr/Caddy/scaddy13.jpg]
[pierre.verpeaux.free.fr/Caddy/scaddy14.jpg]
[pierre.verpeaux.free.fr/Caddy/scaddy15.jpg]
[pierre.verpeaux.free.fr/Caddy/scaddy16.jpg]
[pierre.verpeaux.free.fr/Caddy/scaddy17.jpg]
[pierre.verpeaux.free.fr/Caddy/scaddy19.jpg]
[pierre.verpeaux.free.fr/Caddy/scaddy20.jpg]
[pierre.verpeaux.free.fr/Caddy/scaddy21.jpg]
[pierre.verpeaux.free.fr/Caddy/fcad1.jpg]
[pierre.verpeaux.free.fr/Caddy/fcad2.jpg]
[pierre.verpeaux.free.fr/Caddy/fcad3.jpg]
[pierre.verpeaux.free.fr/Caddy/fcad4.jpg]
[pierre.verpeaux.free.fr/Caddy/fcad5.jpg]
[pierre.verpeaux.free.fr/Caddy/fcad6.jpg]
[pierre.verpeaux.free.fr/Caddy/fcad7.jpg]
[pierre.verpeaux.free.fr/Caddy/fcad8.jpg]
[pierre.verpeaux.free.fr/Caddy/fcad9.jpg]
[nagi.ml/restauration.html]
[cdn-icons-png.flaticon.com/512/1828/1828778.png]
[nagi.ml/static/styles-photos.css]
[nagi.ml/static/styles-alentours.css]
